ARM GAS  C:\Users\DMYTRO~1.FED\AppData\Local\Temp\ccOd62rv.s 			page 1


   1              		.syntax unified
   2              		.cpu cortex-m0plus
   3              		.fpu softvfp
   4              		.eabi_attribute 20, 1
   5              		.eabi_attribute 21, 1
   6              		.eabi_attribute 23, 3
   7              		.eabi_attribute 24, 1
   8              		.eabi_attribute 25, 1
   9              		.eabi_attribute 26, 1
  10              		.eabi_attribute 30, 1
  11              		.eabi_attribute 34, 0
  12              		.eabi_attribute 18, 4
  13              		.thumb
  14              		.syntax unified
  15              		.file	"cyfitter_cfg.c"
  16              		.text
  17              	.Ltext0:
  18              		.cfi_sections	.debug_frame
  19              		.section	.psocinit,"ax",%progbits
  20              		.align	2
  21              		.code	16
  22              		.thumb_func
  23              		.type	ClockSetup, %function
  24              	ClockSetup:
  25              	.LFB4:
  26              		.file 1 "Generated_Source\\PSoC4\\cyfitter_cfg.c"
   1:Generated_Source\PSoC4/cyfitter_cfg.c **** 
   2:Generated_Source\PSoC4/cyfitter_cfg.c **** /*******************************************************************************
   3:Generated_Source\PSoC4/cyfitter_cfg.c **** * File Name: cyfitter_cfg.c
   4:Generated_Source\PSoC4/cyfitter_cfg.c **** * 
   5:Generated_Source\PSoC4/cyfitter_cfg.c **** * PSoC Creator  4.2
   6:Generated_Source\PSoC4/cyfitter_cfg.c **** *
   7:Generated_Source\PSoC4/cyfitter_cfg.c **** * Description:
   8:Generated_Source\PSoC4/cyfitter_cfg.c **** * This file contains device initialization code.
   9:Generated_Source\PSoC4/cyfitter_cfg.c **** * Except for the user defined sections in CyClockStartupError(), this file should not be modified.
  10:Generated_Source\PSoC4/cyfitter_cfg.c **** * This file is automatically generated by PSoC Creator.
  11:Generated_Source\PSoC4/cyfitter_cfg.c **** *
  12:Generated_Source\PSoC4/cyfitter_cfg.c **** ********************************************************************************
  13:Generated_Source\PSoC4/cyfitter_cfg.c **** * Copyright (c) 2007-2018 Cypress Semiconductor.  All rights reserved.
  14:Generated_Source\PSoC4/cyfitter_cfg.c **** * You may use this file only in accordance with the license, terms, conditions, 
  15:Generated_Source\PSoC4/cyfitter_cfg.c **** * disclaimers, and limitations in the end user license agreement accompanying 
  16:Generated_Source\PSoC4/cyfitter_cfg.c **** * the software package with which this file was provided.
  17:Generated_Source\PSoC4/cyfitter_cfg.c **** ********************************************************************************/
  18:Generated_Source\PSoC4/cyfitter_cfg.c **** 
  19:Generated_Source\PSoC4/cyfitter_cfg.c **** #include <string.h>
  20:Generated_Source\PSoC4/cyfitter_cfg.c **** #include "cytypes.h"
  21:Generated_Source\PSoC4/cyfitter_cfg.c **** #include "cydevice_trm.h"
  22:Generated_Source\PSoC4/cyfitter_cfg.c **** #include "cyfitter.h"
  23:Generated_Source\PSoC4/cyfitter_cfg.c **** #include "CyLib.h"
  24:Generated_Source\PSoC4/cyfitter_cfg.c **** #include "cyfitter_cfg.h"
  25:Generated_Source\PSoC4/cyfitter_cfg.c **** #include "cyapicallbacks.h"
  26:Generated_Source\PSoC4/cyfitter_cfg.c **** 
  27:Generated_Source\PSoC4/cyfitter_cfg.c **** 
  28:Generated_Source\PSoC4/cyfitter_cfg.c **** #if defined(__GNUC__) || defined(__ARMCC_VERSION)
  29:Generated_Source\PSoC4/cyfitter_cfg.c ****     #define CYPACKED 
  30:Generated_Source\PSoC4/cyfitter_cfg.c ****     #define CYPACKED_ATTR __attribute__ ((packed))
  31:Generated_Source\PSoC4/cyfitter_cfg.c ****     #define CYALIGNED __attribute__ ((aligned))
ARM GAS  C:\Users\DMYTRO~1.FED\AppData\Local\Temp\ccOd62rv.s 			page 2


  32:Generated_Source\PSoC4/cyfitter_cfg.c ****     #define CY_CFG_UNUSED __attribute__ ((unused))
  33:Generated_Source\PSoC4/cyfitter_cfg.c ****     #ifndef CY_CFG_SECTION
  34:Generated_Source\PSoC4/cyfitter_cfg.c ****         #define CY_CFG_SECTION __attribute__ ((section(".psocinit")))
  35:Generated_Source\PSoC4/cyfitter_cfg.c ****     #endif
  36:Generated_Source\PSoC4/cyfitter_cfg.c ****     
  37:Generated_Source\PSoC4/cyfitter_cfg.c ****     #if defined(__ARMCC_VERSION)
  38:Generated_Source\PSoC4/cyfitter_cfg.c ****         #define CY_CFG_MEMORY_BARRIER() __memory_changed()
  39:Generated_Source\PSoC4/cyfitter_cfg.c ****     #else
  40:Generated_Source\PSoC4/cyfitter_cfg.c ****         #define CY_CFG_MEMORY_BARRIER() __sync_synchronize()
  41:Generated_Source\PSoC4/cyfitter_cfg.c ****     #endif
  42:Generated_Source\PSoC4/cyfitter_cfg.c ****     
  43:Generated_Source\PSoC4/cyfitter_cfg.c **** #elif defined(__ICCARM__)
  44:Generated_Source\PSoC4/cyfitter_cfg.c ****     #include <intrinsics.h>
  45:Generated_Source\PSoC4/cyfitter_cfg.c **** 
  46:Generated_Source\PSoC4/cyfitter_cfg.c ****     #define CYPACKED __packed
  47:Generated_Source\PSoC4/cyfitter_cfg.c ****     #define CYPACKED_ATTR 
  48:Generated_Source\PSoC4/cyfitter_cfg.c ****     #define CYALIGNED _Pragma("data_alignment=4")
  49:Generated_Source\PSoC4/cyfitter_cfg.c ****     #define CY_CFG_UNUSED _Pragma("diag_suppress=Pe177")
  50:Generated_Source\PSoC4/cyfitter_cfg.c ****     #define CY_CFG_SECTION _Pragma("location=\".psocinit\"")
  51:Generated_Source\PSoC4/cyfitter_cfg.c ****     
  52:Generated_Source\PSoC4/cyfitter_cfg.c ****     #define CY_CFG_MEMORY_BARRIER() __DMB()
  53:Generated_Source\PSoC4/cyfitter_cfg.c ****     
  54:Generated_Source\PSoC4/cyfitter_cfg.c **** #else
  55:Generated_Source\PSoC4/cyfitter_cfg.c ****     #error Unsupported toolchain
  56:Generated_Source\PSoC4/cyfitter_cfg.c **** #endif
  57:Generated_Source\PSoC4/cyfitter_cfg.c **** 
  58:Generated_Source\PSoC4/cyfitter_cfg.c **** #ifndef CYCODE
  59:Generated_Source\PSoC4/cyfitter_cfg.c ****     #define CYCODE
  60:Generated_Source\PSoC4/cyfitter_cfg.c **** #endif
  61:Generated_Source\PSoC4/cyfitter_cfg.c **** #ifndef CYDATA
  62:Generated_Source\PSoC4/cyfitter_cfg.c ****     #define CYDATA
  63:Generated_Source\PSoC4/cyfitter_cfg.c **** #endif
  64:Generated_Source\PSoC4/cyfitter_cfg.c **** #ifndef CYFAR
  65:Generated_Source\PSoC4/cyfitter_cfg.c ****     #define CYFAR
  66:Generated_Source\PSoC4/cyfitter_cfg.c **** #endif
  67:Generated_Source\PSoC4/cyfitter_cfg.c **** #ifndef CYXDATA
  68:Generated_Source\PSoC4/cyfitter_cfg.c ****     #define CYXDATA
  69:Generated_Source\PSoC4/cyfitter_cfg.c **** #endif
  70:Generated_Source\PSoC4/cyfitter_cfg.c **** 
  71:Generated_Source\PSoC4/cyfitter_cfg.c **** 
  72:Generated_Source\PSoC4/cyfitter_cfg.c **** CY_CFG_UNUSED
  73:Generated_Source\PSoC4/cyfitter_cfg.c **** static void CYMEMZERO(void *s, size_t n);
  74:Generated_Source\PSoC4/cyfitter_cfg.c **** CY_CFG_UNUSED
  75:Generated_Source\PSoC4/cyfitter_cfg.c **** static void CYMEMZERO(void *s, size_t n)
  76:Generated_Source\PSoC4/cyfitter_cfg.c **** {
  77:Generated_Source\PSoC4/cyfitter_cfg.c **** 	(void)memset(s, 0, n);
  78:Generated_Source\PSoC4/cyfitter_cfg.c **** }
  79:Generated_Source\PSoC4/cyfitter_cfg.c **** CY_CFG_UNUSED
  80:Generated_Source\PSoC4/cyfitter_cfg.c **** static void CYCONFIGCPY(void *dest, const void *src, size_t n);
  81:Generated_Source\PSoC4/cyfitter_cfg.c **** CY_CFG_UNUSED
  82:Generated_Source\PSoC4/cyfitter_cfg.c **** static void CYCONFIGCPY(void *dest, const void *src, size_t n)
  83:Generated_Source\PSoC4/cyfitter_cfg.c **** {
  84:Generated_Source\PSoC4/cyfitter_cfg.c **** 	(void)memcpy(dest, src, n);
  85:Generated_Source\PSoC4/cyfitter_cfg.c **** }
  86:Generated_Source\PSoC4/cyfitter_cfg.c **** CY_CFG_UNUSED
  87:Generated_Source\PSoC4/cyfitter_cfg.c **** static void CYCONFIGCPYCODE(void *dest, const void *src, size_t n);
  88:Generated_Source\PSoC4/cyfitter_cfg.c **** CY_CFG_UNUSED
ARM GAS  C:\Users\DMYTRO~1.FED\AppData\Local\Temp\ccOd62rv.s 			page 3


  89:Generated_Source\PSoC4/cyfitter_cfg.c **** static void CYCONFIGCPYCODE(void *dest, const void *src, size_t n)
  90:Generated_Source\PSoC4/cyfitter_cfg.c **** {
  91:Generated_Source\PSoC4/cyfitter_cfg.c **** 	(void)memcpy(dest, src, n);
  92:Generated_Source\PSoC4/cyfitter_cfg.c **** }
  93:Generated_Source\PSoC4/cyfitter_cfg.c **** 
  94:Generated_Source\PSoC4/cyfitter_cfg.c **** 
  95:Generated_Source\PSoC4/cyfitter_cfg.c **** 
  96:Generated_Source\PSoC4/cyfitter_cfg.c **** 
  97:Generated_Source\PSoC4/cyfitter_cfg.c **** /* Clock startup error codes                                                   */
  98:Generated_Source\PSoC4/cyfitter_cfg.c **** #define CYCLOCKSTART_NO_ERROR    0u
  99:Generated_Source\PSoC4/cyfitter_cfg.c **** #define CYCLOCKSTART_XTAL_ERROR  1u
 100:Generated_Source\PSoC4/cyfitter_cfg.c **** #define CYCLOCKSTART_32KHZ_ERROR 2u
 101:Generated_Source\PSoC4/cyfitter_cfg.c **** #define CYCLOCKSTART_PLL_ERROR   3u
 102:Generated_Source\PSoC4/cyfitter_cfg.c **** #define CYCLOCKSTART_FLL_ERROR   4u
 103:Generated_Source\PSoC4/cyfitter_cfg.c **** #define CYCLOCKSTART_WCO_ERROR   5u
 104:Generated_Source\PSoC4/cyfitter_cfg.c **** 
 105:Generated_Source\PSoC4/cyfitter_cfg.c **** 
 106:Generated_Source\PSoC4/cyfitter_cfg.c **** #ifdef CY_NEED_CYCLOCKSTARTUPERROR
 107:Generated_Source\PSoC4/cyfitter_cfg.c **** /*******************************************************************************
 108:Generated_Source\PSoC4/cyfitter_cfg.c **** * Function Name: CyClockStartupError
 109:Generated_Source\PSoC4/cyfitter_cfg.c **** ********************************************************************************
 110:Generated_Source\PSoC4/cyfitter_cfg.c **** * Summary:
 111:Generated_Source\PSoC4/cyfitter_cfg.c **** *  If an error is encountered during clock configuration (crystal startup error,
 112:Generated_Source\PSoC4/cyfitter_cfg.c **** *  PLL lock error, etc.), the system will end up here.  Unless reimplemented by
 113:Generated_Source\PSoC4/cyfitter_cfg.c **** *  the customer, this function will stop in an infinite loop.
 114:Generated_Source\PSoC4/cyfitter_cfg.c **** *
 115:Generated_Source\PSoC4/cyfitter_cfg.c **** * Parameters:
 116:Generated_Source\PSoC4/cyfitter_cfg.c **** *   void
 117:Generated_Source\PSoC4/cyfitter_cfg.c **** *
 118:Generated_Source\PSoC4/cyfitter_cfg.c **** * Return:
 119:Generated_Source\PSoC4/cyfitter_cfg.c **** *   void
 120:Generated_Source\PSoC4/cyfitter_cfg.c **** *
 121:Generated_Source\PSoC4/cyfitter_cfg.c **** *******************************************************************************/
 122:Generated_Source\PSoC4/cyfitter_cfg.c **** CY_CFG_UNUSED
 123:Generated_Source\PSoC4/cyfitter_cfg.c **** static void CyClockStartupError(uint8 errorCode);
 124:Generated_Source\PSoC4/cyfitter_cfg.c **** CY_CFG_UNUSED
 125:Generated_Source\PSoC4/cyfitter_cfg.c **** static void CyClockStartupError(uint8 errorCode)
 126:Generated_Source\PSoC4/cyfitter_cfg.c **** {
 127:Generated_Source\PSoC4/cyfitter_cfg.c ****     /* To remove the compiler warning if errorCode not used.                */
 128:Generated_Source\PSoC4/cyfitter_cfg.c ****     errorCode = errorCode;
 129:Generated_Source\PSoC4/cyfitter_cfg.c **** 
 130:Generated_Source\PSoC4/cyfitter_cfg.c ****     /* If we have a clock startup error (bad MHz crystal, PLL lock, etc.),  */
 131:Generated_Source\PSoC4/cyfitter_cfg.c ****     /* we will end up here to allow the customer to implement something to  */
 132:Generated_Source\PSoC4/cyfitter_cfg.c ****     /* deal with the clock condition.                                       */
 133:Generated_Source\PSoC4/cyfitter_cfg.c **** 
 134:Generated_Source\PSoC4/cyfitter_cfg.c **** #ifdef CY_CFG_CLOCK_STARTUP_ERROR_CALLBACK
 135:Generated_Source\PSoC4/cyfitter_cfg.c ****     CY_CFG_Clock_Startup_ErrorCallback();
 136:Generated_Source\PSoC4/cyfitter_cfg.c **** #else
 137:Generated_Source\PSoC4/cyfitter_cfg.c ****     /*  If not using CY_CFG_CLOCK_STARTUP_ERROR_CALLBACK, place your clock startup code here. */
 138:Generated_Source\PSoC4/cyfitter_cfg.c ****     /* `#START CyClockStartupError` */
 139:Generated_Source\PSoC4/cyfitter_cfg.c **** 
 140:Generated_Source\PSoC4/cyfitter_cfg.c **** 
 141:Generated_Source\PSoC4/cyfitter_cfg.c **** 
 142:Generated_Source\PSoC4/cyfitter_cfg.c ****     /* `#END` */
 143:Generated_Source\PSoC4/cyfitter_cfg.c **** 
 144:Generated_Source\PSoC4/cyfitter_cfg.c ****     while(1) {}
 145:Generated_Source\PSoC4/cyfitter_cfg.c **** #endif /* CY_CFG_CLOCK_STARTUP_ERROR_CALLBACK */
ARM GAS  C:\Users\DMYTRO~1.FED\AppData\Local\Temp\ccOd62rv.s 			page 4


 146:Generated_Source\PSoC4/cyfitter_cfg.c **** }
 147:Generated_Source\PSoC4/cyfitter_cfg.c **** #endif
 148:Generated_Source\PSoC4/cyfitter_cfg.c **** 
 149:Generated_Source\PSoC4/cyfitter_cfg.c **** 
 150:Generated_Source\PSoC4/cyfitter_cfg.c **** 
 151:Generated_Source\PSoC4/cyfitter_cfg.c **** /*******************************************************************************
 152:Generated_Source\PSoC4/cyfitter_cfg.c **** * Function Name: ClockSetup
 153:Generated_Source\PSoC4/cyfitter_cfg.c **** ********************************************************************************
 154:Generated_Source\PSoC4/cyfitter_cfg.c **** *
 155:Generated_Source\PSoC4/cyfitter_cfg.c **** * Summary:
 156:Generated_Source\PSoC4/cyfitter_cfg.c **** *   Performs the initialization of all of the clocks in the device based on the
 157:Generated_Source\PSoC4/cyfitter_cfg.c **** *   settings in the Clock tab of the DWR.  This includes enabling the requested
 158:Generated_Source\PSoC4/cyfitter_cfg.c **** *   clocks and setting the necessary dividers to produce the desired frequency. 
 159:Generated_Source\PSoC4/cyfitter_cfg.c **** *
 160:Generated_Source\PSoC4/cyfitter_cfg.c **** * Parameters:
 161:Generated_Source\PSoC4/cyfitter_cfg.c **** *   void
 162:Generated_Source\PSoC4/cyfitter_cfg.c **** *
 163:Generated_Source\PSoC4/cyfitter_cfg.c **** * Return:
 164:Generated_Source\PSoC4/cyfitter_cfg.c **** *   void
 165:Generated_Source\PSoC4/cyfitter_cfg.c **** *
 166:Generated_Source\PSoC4/cyfitter_cfg.c **** *******************************************************************************/
 167:Generated_Source\PSoC4/cyfitter_cfg.c **** static void ClockSetup(void);
 168:Generated_Source\PSoC4/cyfitter_cfg.c **** CY_CFG_SECTION
 169:Generated_Source\PSoC4/cyfitter_cfg.c **** static void ClockSetup(void)
 170:Generated_Source\PSoC4/cyfitter_cfg.c **** {
  27              		.loc 1 170 0
  28              		.cfi_startproc
  29              		@ args = 0, pretend = 0, frame = 0
  30              		@ frame_needed = 0, uses_anonymous_args = 0
  31 0000 10B5     		push	{r4, lr}
  32              		.cfi_def_cfa_offset 8
  33              		.cfi_offset 4, -8
  34              		.cfi_offset 14, -4
 171:Generated_Source\PSoC4/cyfitter_cfg.c **** 
 172:Generated_Source\PSoC4/cyfitter_cfg.c **** 	/* Set Flash Cycles based on max possible frequency in case a glitch occurs during ClockSetup(). *
 173:Generated_Source\PSoC4/cyfitter_cfg.c **** 	CY_SET_REG32((void CYXDATA *)(CYREG_CPUSS_FLASH_CTL), (0x0012u));
  35              		.loc 1 173 0
  36 0002 1222     		movs	r2, #18
  37 0004 144B     		ldr	r3, .L2
  38 0006 1A60     		str	r2, [r3]
 174:Generated_Source\PSoC4/cyfitter_cfg.c **** 	/* Update IMO to new clock speed. */
 175:Generated_Source\PSoC4/cyfitter_cfg.c **** 	CySysClkWriteImoFreq(48u);
  39              		.loc 1 175 0
  40 0008 3020     		movs	r0, #48
  41 000a FFF7FEFF 		bl	CySysClkWriteImoFreq
  42              	.LVL0:
 176:Generated_Source\PSoC4/cyfitter_cfg.c **** 
 177:Generated_Source\PSoC4/cyfitter_cfg.c **** 	/* Setup phase aligned clocks */
 178:Generated_Source\PSoC4/cyfitter_cfg.c **** 	CY_SET_REG32((void *)CYREG_PERI_DIV_16_CTL0, 0x00000000u);
  43              		.loc 1 178 0
  44 000e 0022     		movs	r2, #0
  45 0010 124B     		ldr	r3, .L2+4
  46 0012 1A60     		str	r2, [r3]
 179:Generated_Source\PSoC4/cyfitter_cfg.c **** 	CY_SET_REG32((void *)CYREG_PERI_DIV_CMD, 0x8000FF40u);
  47              		.loc 1 179 0
  48 0014 124B     		ldr	r3, .L2+8
  49 0016 1349     		ldr	r1, .L2+12
ARM GAS  C:\Users\DMYTRO~1.FED\AppData\Local\Temp\ccOd62rv.s 			page 5


  50 0018 1960     		str	r1, [r3]
 180:Generated_Source\PSoC4/cyfitter_cfg.c **** 	CY_SET_REG32((void *)CYREG_PERI_DIV_16_5_CTL0, 0x00002DE0u);
  51              		.loc 1 180 0
  52 001a 1348     		ldr	r0, .L2+16
  53 001c 1349     		ldr	r1, .L2+20
  54 001e 0860     		str	r0, [r1]
 181:Generated_Source\PSoC4/cyfitter_cfg.c **** 	CY_SET_REG32((void *)CYREG_PERI_DIV_CMD, 0x8000FF80u);
  55              		.loc 1 181 0
  56 0020 1349     		ldr	r1, .L2+24
  57 0022 1960     		str	r1, [r3]
 182:Generated_Source\PSoC4/cyfitter_cfg.c **** 	CY_SET_REG32((void *)CYREG_PERI_DIV_16_CTL2, 0x0000CF00u);
  58              		.loc 1 182 0
  59 0024 CF20     		movs	r0, #207
  60 0026 0002     		lsls	r0, r0, #8
  61 0028 1249     		ldr	r1, .L2+28
  62 002a 0860     		str	r0, [r1]
 183:Generated_Source\PSoC4/cyfitter_cfg.c **** 	CY_SET_REG32((void *)CYREG_PERI_DIV_CMD, 0x8000FF42u);
  63              		.loc 1 183 0
  64 002c 1249     		ldr	r1, .L2+32
  65 002e 1960     		str	r1, [r3]
 184:Generated_Source\PSoC4/cyfitter_cfg.c **** 	CY_SET_REG32((void *)CYREG_PERI_DIV_16_CTL1, 0x00000000u);
  66              		.loc 1 184 0
  67 0030 1249     		ldr	r1, .L2+36
  68 0032 0A60     		str	r2, [r1]
 185:Generated_Source\PSoC4/cyfitter_cfg.c **** 	CY_SET_REG32((void *)CYREG_PERI_DIV_CMD, 0x8000FF41u);
  69              		.loc 1 185 0
  70 0034 1249     		ldr	r1, .L2+40
  71 0036 1960     		str	r1, [r3]
 186:Generated_Source\PSoC4/cyfitter_cfg.c **** 
 187:Generated_Source\PSoC4/cyfitter_cfg.c **** 	/* CYDEV_CLK_SELECT Starting address: CYDEV_CLK_SELECT */
 188:Generated_Source\PSoC4/cyfitter_cfg.c **** 	CY_SET_REG32((void *)(CYREG_CLK_SELECT), 0x00000000u);
  72              		.loc 1 188 0
  73 0038 124B     		ldr	r3, .L2+44
  74 003a 1A60     		str	r2, [r3]
 189:Generated_Source\PSoC4/cyfitter_cfg.c **** 
 190:Generated_Source\PSoC4/cyfitter_cfg.c **** 	/* CYDEV_PERI_PCLK_CTL4 Starting address: CYDEV_PERI_PCLK_CTL4 */
 191:Generated_Source\PSoC4/cyfitter_cfg.c **** 	CY_SET_REG32((void *)(CYREG_PERI_PCLK_CTL4), 0x00000040u);
  75              		.loc 1 191 0
  76 003c 4032     		adds	r2, r2, #64
  77 003e 124B     		ldr	r3, .L2+48
  78 0040 1A60     		str	r2, [r3]
 192:Generated_Source\PSoC4/cyfitter_cfg.c **** 
 193:Generated_Source\PSoC4/cyfitter_cfg.c **** 	/* CYDEV_PERI_PCLK_CTL3 Starting address: CYDEV_PERI_PCLK_CTL3 */
 194:Generated_Source\PSoC4/cyfitter_cfg.c **** 	CY_SET_REG32((void *)(CYREG_PERI_PCLK_CTL3), 0x00000080u);
  79              		.loc 1 194 0
  80 0042 4032     		adds	r2, r2, #64
  81 0044 114B     		ldr	r3, .L2+52
  82 0046 1A60     		str	r2, [r3]
 195:Generated_Source\PSoC4/cyfitter_cfg.c **** 
 196:Generated_Source\PSoC4/cyfitter_cfg.c **** 	/* CYDEV_PERI_PCLK_CTL1 Starting address: CYDEV_PERI_PCLK_CTL1 */
 197:Generated_Source\PSoC4/cyfitter_cfg.c **** 	CY_SET_REG32((void *)(CYREG_PERI_PCLK_CTL1), 0x00000042u);
  83              		.loc 1 197 0
  84 0048 3E3A     		subs	r2, r2, #62
  85 004a 114B     		ldr	r3, .L2+56
  86 004c 1A60     		str	r2, [r3]
 198:Generated_Source\PSoC4/cyfitter_cfg.c **** 
 199:Generated_Source\PSoC4/cyfitter_cfg.c **** 	/* CYDEV_PERI_PCLK_CTL0 Starting address: CYDEV_PERI_PCLK_CTL0 */
ARM GAS  C:\Users\DMYTRO~1.FED\AppData\Local\Temp\ccOd62rv.s 			page 6


 200:Generated_Source\PSoC4/cyfitter_cfg.c **** 	CY_SET_REG32((void *)(CYREG_PERI_PCLK_CTL0), 0x00000041u);
  87              		.loc 1 200 0
  88 004e 013A     		subs	r2, r2, #1
  89 0050 104B     		ldr	r3, .L2+60
  90 0052 1A60     		str	r2, [r3]
 201:Generated_Source\PSoC4/cyfitter_cfg.c **** 
 202:Generated_Source\PSoC4/cyfitter_cfg.c **** }
  91              		.loc 1 202 0
  92              		@ sp needed
  93 0054 10BD     		pop	{r4, pc}
  94              	.L3:
  95 0056 C046     		.align	2
  96              	.L2:
  97 0058 30001040 		.word	1074790448
  98 005c 00030140 		.word	1073808128
  99 0060 00000140 		.word	1073807360
 100 0064 40FF0080 		.word	-2147418304
 101 0068 E02D0000 		.word	11744
 102 006c 00040140 		.word	1073808384
 103 0070 80FF0080 		.word	-2147418240
 104 0074 08030140 		.word	1073808136
 105 0078 42FF0080 		.word	-2147418302
 106 007c 04030140 		.word	1073808132
 107 0080 41FF0080 		.word	-2147418303
 108 0084 28000340 		.word	1073938472
 109 0088 10010140 		.word	1073807632
 110 008c 0C010140 		.word	1073807628
 111 0090 04010140 		.word	1073807620
 112 0094 00010140 		.word	1073807616
 113              		.cfi_endproc
 114              	.LFE4:
 115              		.size	ClockSetup, .-ClockSetup
 116              		.align	2
 117              		.global	cyfitter_cfg
 118              		.code	16
 119              		.thumb_func
 120              		.type	cyfitter_cfg, %function
 121              	cyfitter_cfg:
 122              	.LFB6:
 203:Generated_Source\PSoC4/cyfitter_cfg.c **** 
 204:Generated_Source\PSoC4/cyfitter_cfg.c **** 
 205:Generated_Source\PSoC4/cyfitter_cfg.c **** /* Analog API Functions */
 206:Generated_Source\PSoC4/cyfitter_cfg.c **** 
 207:Generated_Source\PSoC4/cyfitter_cfg.c **** 
 208:Generated_Source\PSoC4/cyfitter_cfg.c **** /*******************************************************************************
 209:Generated_Source\PSoC4/cyfitter_cfg.c **** * Function Name: AnalogSetDefault
 210:Generated_Source\PSoC4/cyfitter_cfg.c **** ********************************************************************************
 211:Generated_Source\PSoC4/cyfitter_cfg.c **** *
 212:Generated_Source\PSoC4/cyfitter_cfg.c **** * Summary:
 213:Generated_Source\PSoC4/cyfitter_cfg.c **** *  Sets up the analog portions of the chip to default values based on chip
 214:Generated_Source\PSoC4/cyfitter_cfg.c **** *  configuration options from the project.
 215:Generated_Source\PSoC4/cyfitter_cfg.c **** *
 216:Generated_Source\PSoC4/cyfitter_cfg.c **** * Parameters:
 217:Generated_Source\PSoC4/cyfitter_cfg.c **** *  void
 218:Generated_Source\PSoC4/cyfitter_cfg.c **** *
 219:Generated_Source\PSoC4/cyfitter_cfg.c **** * Return:
 220:Generated_Source\PSoC4/cyfitter_cfg.c **** *  void
ARM GAS  C:\Users\DMYTRO~1.FED\AppData\Local\Temp\ccOd62rv.s 			page 7


 221:Generated_Source\PSoC4/cyfitter_cfg.c **** *
 222:Generated_Source\PSoC4/cyfitter_cfg.c **** *******************************************************************************/
 223:Generated_Source\PSoC4/cyfitter_cfg.c **** static void AnalogSetDefault(void);
 224:Generated_Source\PSoC4/cyfitter_cfg.c **** static void AnalogSetDefault(void)
 225:Generated_Source\PSoC4/cyfitter_cfg.c **** {
 226:Generated_Source\PSoC4/cyfitter_cfg.c **** }
 227:Generated_Source\PSoC4/cyfitter_cfg.c **** 
 228:Generated_Source\PSoC4/cyfitter_cfg.c **** 
 229:Generated_Source\PSoC4/cyfitter_cfg.c **** 
 230:Generated_Source\PSoC4/cyfitter_cfg.c **** 
 231:Generated_Source\PSoC4/cyfitter_cfg.c **** /*******************************************************************************
 232:Generated_Source\PSoC4/cyfitter_cfg.c **** * Function Name: cyfitter_cfg
 233:Generated_Source\PSoC4/cyfitter_cfg.c **** ********************************************************************************
 234:Generated_Source\PSoC4/cyfitter_cfg.c **** * Summary:
 235:Generated_Source\PSoC4/cyfitter_cfg.c **** *  This function is called by the start-up code for the selected device. It
 236:Generated_Source\PSoC4/cyfitter_cfg.c **** *  performs all of the necessary device configuration based on the design
 237:Generated_Source\PSoC4/cyfitter_cfg.c **** *  settings.  This includes settings from the Design Wide Resources (DWR) such
 238:Generated_Source\PSoC4/cyfitter_cfg.c **** *  as Clocks and Pins as well as any component configuration that is necessary.
 239:Generated_Source\PSoC4/cyfitter_cfg.c **** *
 240:Generated_Source\PSoC4/cyfitter_cfg.c **** * Parameters:
 241:Generated_Source\PSoC4/cyfitter_cfg.c **** *   void
 242:Generated_Source\PSoC4/cyfitter_cfg.c **** *
 243:Generated_Source\PSoC4/cyfitter_cfg.c **** * Return:
 244:Generated_Source\PSoC4/cyfitter_cfg.c **** *   void
 245:Generated_Source\PSoC4/cyfitter_cfg.c **** *
 246:Generated_Source\PSoC4/cyfitter_cfg.c **** *******************************************************************************/
 247:Generated_Source\PSoC4/cyfitter_cfg.c **** CY_CFG_SECTION
 248:Generated_Source\PSoC4/cyfitter_cfg.c **** void cyfitter_cfg(void)
 249:Generated_Source\PSoC4/cyfitter_cfg.c **** {
 123              		.loc 1 249 0
 124              		.cfi_startproc
 125              		@ args = 0, pretend = 0, frame = 0
 126              		@ frame_needed = 0, uses_anonymous_args = 0
 127 0098 10B5     		push	{r4, lr}
 128              		.cfi_def_cfa_offset 8
 129              		.cfi_offset 4, -8
 130              		.cfi_offset 14, -4
 250:Generated_Source\PSoC4/cyfitter_cfg.c **** 	/* Disable interrupts by default. Let user enable if/when they want. */
 251:Generated_Source\PSoC4/cyfitter_cfg.c **** 	CyGlobalIntDisable;
 131              		.loc 1 251 0
 132              		.syntax divided
 133              	@ 251 "Generated_Source\PSoC4\cyfitter_cfg.c" 1
 134 009a 72B6     		CPSID   i
 135              	@ 0 "" 2
 252:Generated_Source\PSoC4/cyfitter_cfg.c **** 
 253:Generated_Source\PSoC4/cyfitter_cfg.c **** 	{
 254:Generated_Source\PSoC4/cyfitter_cfg.c **** 		/* HSIOM Starting address: CYDEV_HSIOM_BASE */
 255:Generated_Source\PSoC4/cyfitter_cfg.c **** 		CY_SET_REG32((void *)(CYREG_HSIOM_PORT_SEL1), 0x000F0FFFu);
 136              		.loc 1 255 0
 137              		.thumb
 138              		.syntax unified
 139 009c 174A     		ldr	r2, .L5
 140 009e 184B     		ldr	r3, .L5+4
 141 00a0 1A60     		str	r2, [r3]
 256:Generated_Source\PSoC4/cyfitter_cfg.c **** 		CY_SET_REG32((void *)(CYREG_HSIOM_PORT_SEL2), 0x08000000u);
 142              		.loc 1 256 0
 143 00a2 8022     		movs	r2, #128
ARM GAS  C:\Users\DMYTRO~1.FED\AppData\Local\Temp\ccOd62rv.s 			page 8


 144 00a4 1205     		lsls	r2, r2, #20
 145 00a6 174B     		ldr	r3, .L5+8
 146 00a8 1A60     		str	r2, [r3]
 257:Generated_Source\PSoC4/cyfitter_cfg.c **** 		CY_SET_REG32((void *)(CYREG_HSIOM_PORT_SEL3), 0x0000EE99u);
 147              		.loc 1 257 0
 148 00aa 174A     		ldr	r2, .L5+12
 149 00ac 174B     		ldr	r3, .L5+16
 150 00ae 1A60     		str	r2, [r3]
 258:Generated_Source\PSoC4/cyfitter_cfg.c **** 
 259:Generated_Source\PSoC4/cyfitter_cfg.c **** 	}
 260:Generated_Source\PSoC4/cyfitter_cfg.c **** 
 261:Generated_Source\PSoC4/cyfitter_cfg.c **** 	/* Perform second pass device configuration. These items must be configured in specific order afte
 262:Generated_Source\PSoC4/cyfitter_cfg.c **** 	/* IOPINS0_0 Starting address: CYDEV_GPIO_PRT0_BASE */
 263:Generated_Source\PSoC4/cyfitter_cfg.c **** 	CY_SET_REG32((void *)(CYDEV_GPIO_PRT0_BASE), 0x00000080u);
 151              		.loc 1 263 0
 152 00b0 8022     		movs	r2, #128
 153 00b2 174B     		ldr	r3, .L5+20
 154 00b4 1A60     		str	r2, [r3]
 264:Generated_Source\PSoC4/cyfitter_cfg.c **** 	CY_SET_REG32((void *)(CYREG_GPIO_PRT0_PC), 0x00400000u);
 155              		.loc 1 264 0
 156 00b6 8022     		movs	r2, #128
 157 00b8 D203     		lsls	r2, r2, #15
 158 00ba 164B     		ldr	r3, .L5+24
 159 00bc 1A60     		str	r2, [r3]
 265:Generated_Source\PSoC4/cyfitter_cfg.c **** 	CY_SET_REG32((void *)(CYREG_GPIO_PRT0_INTR_CFG), 0x0000C000u);
 160              		.loc 1 265 0
 161 00be C022     		movs	r2, #192
 162 00c0 1202     		lsls	r2, r2, #8
 163 00c2 154B     		ldr	r3, .L5+28
 164 00c4 1A60     		str	r2, [r3]
 266:Generated_Source\PSoC4/cyfitter_cfg.c **** 
 267:Generated_Source\PSoC4/cyfitter_cfg.c **** 	/* IOPINS0_1 Starting address: CYDEV_GPIO_PRT1_BASE */
 268:Generated_Source\PSoC4/cyfitter_cfg.c **** 	CY_SET_REG32((void *)(CYDEV_GPIO_PRT1_BASE), 0x00000015u);
 165              		.loc 1 268 0
 166 00c6 1523     		movs	r3, #21
 167 00c8 144A     		ldr	r2, .L5+32
 168 00ca 1360     		str	r3, [r2]
 269:Generated_Source\PSoC4/cyfitter_cfg.c **** 	CY_SET_REG32((void *)(CYREG_GPIO_PRT1_PC), 0x0000618Eu);
 169              		.loc 1 269 0
 170 00cc 1449     		ldr	r1, .L5+36
 171 00ce 154A     		ldr	r2, .L5+40
 172 00d0 1160     		str	r1, [r2]
 270:Generated_Source\PSoC4/cyfitter_cfg.c **** 	CY_SET_REG32((void *)(CYREG_GPIO_PRT1_PC2), 0x00000015u);
 173              		.loc 1 270 0
 174 00d2 154A     		ldr	r2, .L5+44
 175 00d4 1360     		str	r3, [r2]
 271:Generated_Source\PSoC4/cyfitter_cfg.c **** 
 272:Generated_Source\PSoC4/cyfitter_cfg.c **** 	/* IOPINS0_2 Starting address: CYDEV_GPIO_PRT2_BASE */
 273:Generated_Source\PSoC4/cyfitter_cfg.c **** 	CY_SET_REG32((void *)(CYDEV_GPIO_PRT2_BASE), 0x0000005Fu);
 176              		.loc 1 273 0
 177 00d6 5F22     		movs	r2, #95
 178 00d8 144B     		ldr	r3, .L5+48
 179 00da 1A60     		str	r2, [r3]
 274:Generated_Source\PSoC4/cyfitter_cfg.c **** 	CY_SET_REG32((void *)(CYREG_GPIO_PRT2_PC), 0x001C6DB6u);
 180              		.loc 1 274 0
 181 00dc 144A     		ldr	r2, .L5+52
 182 00de 154B     		ldr	r3, .L5+56
ARM GAS  C:\Users\DMYTRO~1.FED\AppData\Local\Temp\ccOd62rv.s 			page 9


 183 00e0 1A60     		str	r2, [r3]
 275:Generated_Source\PSoC4/cyfitter_cfg.c **** 
 276:Generated_Source\PSoC4/cyfitter_cfg.c **** 	/* IOPINS0_3 Starting address: CYDEV_GPIO_PRT3_BASE */
 277:Generated_Source\PSoC4/cyfitter_cfg.c **** 	CY_SET_REG32((void *)(CYDEV_GPIO_PRT3_BASE), 0x00000012u);
 184              		.loc 1 277 0
 185 00e2 1222     		movs	r2, #18
 186 00e4 144B     		ldr	r3, .L5+60
 187 00e6 1A60     		str	r2, [r3]
 278:Generated_Source\PSoC4/cyfitter_cfg.c **** 	CY_SET_REG32((void *)(CYREG_GPIO_PRT3_PC), 0x00006DB1u);
 188              		.loc 1 278 0
 189 00e8 144A     		ldr	r2, .L5+64
 190 00ea 154B     		ldr	r3, .L5+68
 191 00ec 1A60     		str	r2, [r3]
 279:Generated_Source\PSoC4/cyfitter_cfg.c **** 	CY_SET_REG32((void *)(CYREG_GPIO_PRT3_PC2), 0x00000002u);
 192              		.loc 1 279 0
 193 00ee 0222     		movs	r2, #2
 194 00f0 144B     		ldr	r3, .L5+72
 195 00f2 1A60     		str	r2, [r3]
 280:Generated_Source\PSoC4/cyfitter_cfg.c **** 
 281:Generated_Source\PSoC4/cyfitter_cfg.c **** 
 282:Generated_Source\PSoC4/cyfitter_cfg.c **** 	/* Setup clocks based on selections from Clock DWR */
 283:Generated_Source\PSoC4/cyfitter_cfg.c **** 	ClockSetup();
 196              		.loc 1 283 0
 197 00f4 FFF784FF 		bl	ClockSetup
 198              	.LVL1:
 284:Generated_Source\PSoC4/cyfitter_cfg.c **** 
 285:Generated_Source\PSoC4/cyfitter_cfg.c **** 	/* Perform basic analog initialization to defaults */
 286:Generated_Source\PSoC4/cyfitter_cfg.c **** 	AnalogSetDefault();
 287:Generated_Source\PSoC4/cyfitter_cfg.c **** 
 288:Generated_Source\PSoC4/cyfitter_cfg.c **** }
 199              		.loc 1 288 0
 200              		@ sp needed
 201 00f8 10BD     		pop	{r4, pc}
 202              	.L6:
 203 00fa C046     		.align	2
 204              	.L5:
 205 00fc FF0F0F00 		.word	987135
 206 0100 00010240 		.word	1073873152
 207 0104 00020240 		.word	1073873408
 208 0108 99EE0000 		.word	61081
 209 010c 00030240 		.word	1073873664
 210 0110 00000440 		.word	1074003968
 211 0114 08000440 		.word	1074003976
 212 0118 0C000440 		.word	1074003980
 213 011c 00010440 		.word	1074004224
 214 0120 8E610000 		.word	24974
 215 0124 08010440 		.word	1074004232
 216 0128 18010440 		.word	1074004248
 217 012c 00020440 		.word	1074004480
 218 0130 B66D1C00 		.word	1863094
 219 0134 08020440 		.word	1074004488
 220 0138 00030440 		.word	1074004736
 221 013c B16D0000 		.word	28081
 222 0140 08030440 		.word	1074004744
 223 0144 18030440 		.word	1074004760
 224              		.cfi_endproc
 225              	.LFE6:
ARM GAS  C:\Users\DMYTRO~1.FED\AppData\Local\Temp\ccOd62rv.s 			page 10


 226              		.size	cyfitter_cfg, .-cyfitter_cfg
 227              		.text
 228              	.Letext0:
 229              		.file 2 "Generated_Source\\PSoC4\\cytypes.h"
 230              		.file 3 "Generated_Source\\PSoC4\\CyLib.h"
 231              		.section	.debug_info,"",%progbits
 232              	.Ldebug_info0:
 233 0000 F8000000 		.4byte	0xf8
 234 0004 0400     		.2byte	0x4
 235 0006 00000000 		.4byte	.Ldebug_abbrev0
 236 000a 04       		.byte	0x4
 237 000b 01       		.uleb128 0x1
 238 000c 4C010000 		.4byte	.LASF16
 239 0010 0C       		.byte	0xc
 240 0011 15000000 		.4byte	.LASF17
 241 0015 93000000 		.4byte	.LASF18
 242 0019 00000000 		.4byte	.Ldebug_ranges0+0
 243 001d 00000000 		.4byte	0
 244 0021 00000000 		.4byte	.Ldebug_line0
 245 0025 02       		.uleb128 0x2
 246 0026 04       		.byte	0x4
 247 0027 05       		.byte	0x5
 248 0028 696E7400 		.ascii	"int\000"
 249 002c 03       		.uleb128 0x3
 250 002d 04       		.byte	0x4
 251 002e 07       		.byte	0x7
 252 002f 3B000000 		.4byte	.LASF0
 253 0033 03       		.uleb128 0x3
 254 0034 08       		.byte	0x8
 255 0035 05       		.byte	0x5
 256 0036 00000000 		.4byte	.LASF1
 257 003a 03       		.uleb128 0x3
 258 003b 08       		.byte	0x8
 259 003c 04       		.byte	0x4
 260 003d 36010000 		.4byte	.LASF2
 261 0041 03       		.uleb128 0x3
 262 0042 01       		.byte	0x1
 263 0043 06       		.byte	0x6
 264 0044 2A010000 		.4byte	.LASF3
 265 0048 03       		.uleb128 0x3
 266 0049 01       		.byte	0x1
 267 004a 08       		.byte	0x8
 268 004b E3000000 		.4byte	.LASF4
 269 004f 03       		.uleb128 0x3
 270 0050 02       		.byte	0x2
 271 0051 05       		.byte	0x5
 272 0052 42010000 		.4byte	.LASF5
 273 0056 03       		.uleb128 0x3
 274 0057 02       		.byte	0x2
 275 0058 07       		.byte	0x7
 276 0059 17010000 		.4byte	.LASF6
 277 005d 03       		.uleb128 0x3
 278 005e 04       		.byte	0x4
 279 005f 05       		.byte	0x5
 280 0060 F6000000 		.4byte	.LASF7
 281 0064 03       		.uleb128 0x3
 282 0065 04       		.byte	0x4
ARM GAS  C:\Users\DMYTRO~1.FED\AppData\Local\Temp\ccOd62rv.s 			page 11


 283 0066 07       		.byte	0x7
 284 0067 5D000000 		.4byte	.LASF8
 285 006b 03       		.uleb128 0x3
 286 006c 08       		.byte	0x8
 287 006d 07       		.byte	0x7
 288 006e 7C000000 		.4byte	.LASF9
 289 0072 03       		.uleb128 0x3
 290 0073 04       		.byte	0x4
 291 0074 07       		.byte	0x7
 292 0075 DE010000 		.4byte	.LASF10
 293 0079 03       		.uleb128 0x3
 294 007a 01       		.byte	0x1
 295 007b 08       		.byte	0x8
 296 007c F1000000 		.4byte	.LASF11
 297 0080 04       		.uleb128 0x4
 298 0081 0E000000 		.4byte	.LASF14
 299 0085 02       		.byte	0x2
 300 0086 E601     		.2byte	0x1e6
 301 0088 64000000 		.4byte	0x64
 302 008c 03       		.uleb128 0x3
 303 008d 04       		.byte	0x4
 304 008e 04       		.byte	0x4
 305 008f DD000000 		.4byte	.LASF12
 306 0093 03       		.uleb128 0x3
 307 0094 08       		.byte	0x8
 308 0095 04       		.byte	0x4
 309 0096 0A010000 		.4byte	.LASF13
 310 009a 04       		.uleb128 0x4
 311 009b 11010000 		.4byte	.LASF15
 312 009f 02       		.byte	0x2
 313 00a0 9002     		.2byte	0x290
 314 00a2 A6000000 		.4byte	0xa6
 315 00a6 05       		.uleb128 0x5
 316 00a7 80000000 		.4byte	0x80
 317 00ab 06       		.uleb128 0x6
 318 00ac FF000000 		.4byte	.LASF19
 319 00b0 01       		.byte	0x1
 320 00b1 A9       		.byte	0xa9
 321 00b2 00000000 		.4byte	.LFB4
 322 00b6 98000000 		.4byte	.LFE4-.LFB4
 323 00ba 01       		.uleb128 0x1
 324 00bb 9C       		.byte	0x9c
 325 00bc D1000000 		.4byte	0xd1
 326 00c0 07       		.uleb128 0x7
 327 00c1 0E000000 		.4byte	.LVL0
 328 00c5 F0000000 		.4byte	0xf0
 329 00c9 08       		.uleb128 0x8
 330 00ca 01       		.uleb128 0x1
 331 00cb 50       		.byte	0x50
 332 00cc 02       		.uleb128 0x2
 333 00cd 08       		.byte	0x8
 334 00ce 30       		.byte	0x30
 335 00cf 00       		.byte	0
 336 00d0 00       		.byte	0
 337 00d1 09       		.uleb128 0x9
 338 00d2 6F000000 		.4byte	.LASF20
 339 00d6 01       		.byte	0x1
ARM GAS  C:\Users\DMYTRO~1.FED\AppData\Local\Temp\ccOd62rv.s 			page 12


 340 00d7 F8       		.byte	0xf8
 341 00d8 98000000 		.4byte	.LFB6
 342 00dc B0000000 		.4byte	.LFE6-.LFB6
 343 00e0 01       		.uleb128 0x1
 344 00e1 9C       		.byte	0x9c
 345 00e2 F0000000 		.4byte	0xf0
 346 00e6 0A       		.uleb128 0xa
 347 00e7 F8000000 		.4byte	.LVL1
 348 00eb AB000000 		.4byte	0xab
 349 00ef 00       		.byte	0
 350 00f0 0B       		.uleb128 0xb
 351 00f1 48000000 		.4byte	.LASF21
 352 00f5 48000000 		.4byte	.LASF21
 353 00f9 03       		.byte	0x3
 354 00fa 6C       		.byte	0x6c
 355 00fb 00       		.byte	0
 356              		.section	.debug_abbrev,"",%progbits
 357              	.Ldebug_abbrev0:
 358 0000 01       		.uleb128 0x1
 359 0001 11       		.uleb128 0x11
 360 0002 01       		.byte	0x1
 361 0003 25       		.uleb128 0x25
 362 0004 0E       		.uleb128 0xe
 363 0005 13       		.uleb128 0x13
 364 0006 0B       		.uleb128 0xb
 365 0007 03       		.uleb128 0x3
 366 0008 0E       		.uleb128 0xe
 367 0009 1B       		.uleb128 0x1b
 368 000a 0E       		.uleb128 0xe
 369 000b 55       		.uleb128 0x55
 370 000c 17       		.uleb128 0x17
 371 000d 11       		.uleb128 0x11
 372 000e 01       		.uleb128 0x1
 373 000f 10       		.uleb128 0x10
 374 0010 17       		.uleb128 0x17
 375 0011 00       		.byte	0
 376 0012 00       		.byte	0
 377 0013 02       		.uleb128 0x2
 378 0014 24       		.uleb128 0x24
 379 0015 00       		.byte	0
 380 0016 0B       		.uleb128 0xb
 381 0017 0B       		.uleb128 0xb
 382 0018 3E       		.uleb128 0x3e
 383 0019 0B       		.uleb128 0xb
 384 001a 03       		.uleb128 0x3
 385 001b 08       		.uleb128 0x8
 386 001c 00       		.byte	0
 387 001d 00       		.byte	0
 388 001e 03       		.uleb128 0x3
 389 001f 24       		.uleb128 0x24
 390 0020 00       		.byte	0
 391 0021 0B       		.uleb128 0xb
 392 0022 0B       		.uleb128 0xb
 393 0023 3E       		.uleb128 0x3e
 394 0024 0B       		.uleb128 0xb
 395 0025 03       		.uleb128 0x3
 396 0026 0E       		.uleb128 0xe
ARM GAS  C:\Users\DMYTRO~1.FED\AppData\Local\Temp\ccOd62rv.s 			page 13


 397 0027 00       		.byte	0
 398 0028 00       		.byte	0
 399 0029 04       		.uleb128 0x4
 400 002a 16       		.uleb128 0x16
 401 002b 00       		.byte	0
 402 002c 03       		.uleb128 0x3
 403 002d 0E       		.uleb128 0xe
 404 002e 3A       		.uleb128 0x3a
 405 002f 0B       		.uleb128 0xb
 406 0030 3B       		.uleb128 0x3b
 407 0031 05       		.uleb128 0x5
 408 0032 49       		.uleb128 0x49
 409 0033 13       		.uleb128 0x13
 410 0034 00       		.byte	0
 411 0035 00       		.byte	0
 412 0036 05       		.uleb128 0x5
 413 0037 35       		.uleb128 0x35
 414 0038 00       		.byte	0
 415 0039 49       		.uleb128 0x49
 416 003a 13       		.uleb128 0x13
 417 003b 00       		.byte	0
 418 003c 00       		.byte	0
 419 003d 06       		.uleb128 0x6
 420 003e 2E       		.uleb128 0x2e
 421 003f 01       		.byte	0x1
 422 0040 03       		.uleb128 0x3
 423 0041 0E       		.uleb128 0xe
 424 0042 3A       		.uleb128 0x3a
 425 0043 0B       		.uleb128 0xb
 426 0044 3B       		.uleb128 0x3b
 427 0045 0B       		.uleb128 0xb
 428 0046 27       		.uleb128 0x27
 429 0047 19       		.uleb128 0x19
 430 0048 11       		.uleb128 0x11
 431 0049 01       		.uleb128 0x1
 432 004a 12       		.uleb128 0x12
 433 004b 06       		.uleb128 0x6
 434 004c 40       		.uleb128 0x40
 435 004d 18       		.uleb128 0x18
 436 004e 9742     		.uleb128 0x2117
 437 0050 19       		.uleb128 0x19
 438 0051 01       		.uleb128 0x1
 439 0052 13       		.uleb128 0x13
 440 0053 00       		.byte	0
 441 0054 00       		.byte	0
 442 0055 07       		.uleb128 0x7
 443 0056 898201   		.uleb128 0x4109
 444 0059 01       		.byte	0x1
 445 005a 11       		.uleb128 0x11
 446 005b 01       		.uleb128 0x1
 447 005c 31       		.uleb128 0x31
 448 005d 13       		.uleb128 0x13
 449 005e 00       		.byte	0
 450 005f 00       		.byte	0
 451 0060 08       		.uleb128 0x8
 452 0061 8A8201   		.uleb128 0x410a
 453 0064 00       		.byte	0
ARM GAS  C:\Users\DMYTRO~1.FED\AppData\Local\Temp\ccOd62rv.s 			page 14


 454 0065 02       		.uleb128 0x2
 455 0066 18       		.uleb128 0x18
 456 0067 9142     		.uleb128 0x2111
 457 0069 18       		.uleb128 0x18
 458 006a 00       		.byte	0
 459 006b 00       		.byte	0
 460 006c 09       		.uleb128 0x9
 461 006d 2E       		.uleb128 0x2e
 462 006e 01       		.byte	0x1
 463 006f 3F       		.uleb128 0x3f
 464 0070 19       		.uleb128 0x19
 465 0071 03       		.uleb128 0x3
 466 0072 0E       		.uleb128 0xe
 467 0073 3A       		.uleb128 0x3a
 468 0074 0B       		.uleb128 0xb
 469 0075 3B       		.uleb128 0x3b
 470 0076 0B       		.uleb128 0xb
 471 0077 27       		.uleb128 0x27
 472 0078 19       		.uleb128 0x19
 473 0079 11       		.uleb128 0x11
 474 007a 01       		.uleb128 0x1
 475 007b 12       		.uleb128 0x12
 476 007c 06       		.uleb128 0x6
 477 007d 40       		.uleb128 0x40
 478 007e 18       		.uleb128 0x18
 479 007f 9742     		.uleb128 0x2117
 480 0081 19       		.uleb128 0x19
 481 0082 01       		.uleb128 0x1
 482 0083 13       		.uleb128 0x13
 483 0084 00       		.byte	0
 484 0085 00       		.byte	0
 485 0086 0A       		.uleb128 0xa
 486 0087 898201   		.uleb128 0x4109
 487 008a 00       		.byte	0
 488 008b 11       		.uleb128 0x11
 489 008c 01       		.uleb128 0x1
 490 008d 31       		.uleb128 0x31
 491 008e 13       		.uleb128 0x13
 492 008f 00       		.byte	0
 493 0090 00       		.byte	0
 494 0091 0B       		.uleb128 0xb
 495 0092 2E       		.uleb128 0x2e
 496 0093 00       		.byte	0
 497 0094 3F       		.uleb128 0x3f
 498 0095 19       		.uleb128 0x19
 499 0096 3C       		.uleb128 0x3c
 500 0097 19       		.uleb128 0x19
 501 0098 6E       		.uleb128 0x6e
 502 0099 0E       		.uleb128 0xe
 503 009a 03       		.uleb128 0x3
 504 009b 0E       		.uleb128 0xe
 505 009c 3A       		.uleb128 0x3a
 506 009d 0B       		.uleb128 0xb
 507 009e 3B       		.uleb128 0x3b
 508 009f 0B       		.uleb128 0xb
 509 00a0 00       		.byte	0
 510 00a1 00       		.byte	0
ARM GAS  C:\Users\DMYTRO~1.FED\AppData\Local\Temp\ccOd62rv.s 			page 15


 511 00a2 00       		.byte	0
 512              		.section	.debug_aranges,"",%progbits
 513 0000 24000000 		.4byte	0x24
 514 0004 0200     		.2byte	0x2
 515 0006 00000000 		.4byte	.Ldebug_info0
 516 000a 04       		.byte	0x4
 517 000b 00       		.byte	0
 518 000c 0000     		.2byte	0
 519 000e 0000     		.2byte	0
 520 0010 00000000 		.4byte	.LFB4
 521 0014 98000000 		.4byte	.LFE4-.LFB4
 522 0018 98000000 		.4byte	.LFB6
 523 001c B0000000 		.4byte	.LFE6-.LFB6
 524 0020 00000000 		.4byte	0
 525 0024 00000000 		.4byte	0
 526              		.section	.debug_ranges,"",%progbits
 527              	.Ldebug_ranges0:
 528 0000 00000000 		.4byte	.LFB4
 529 0004 98000000 		.4byte	.LFE4
 530 0008 98000000 		.4byte	.LFB6
 531 000c 48010000 		.4byte	.LFE6
 532 0010 00000000 		.4byte	0
 533 0014 00000000 		.4byte	0
 534              		.section	.debug_line,"",%progbits
 535              	.Ldebug_line0:
 536 0000 90000000 		.section	.debug_str,"MS",%progbits,1
 536      02005400 
 536      00000201 
 536      FB0E0D00 
 536      01010101 
 537              	.LASF1:
 538 0000 6C6F6E67 		.ascii	"long long int\000"
 538      206C6F6E 
 538      6720696E 
 538      7400
 539              	.LASF14:
 540 000e 75696E74 		.ascii	"uint32\000"
 540      333200
 541              	.LASF17:
 542 0015 47656E65 		.ascii	"Generated_Source\\PSoC4\\cyfitter_cfg.c\000"
 542      72617465 
 542      645F536F 
 542      75726365 
 542      5C50536F 
 543              	.LASF0:
 544 003b 756E7369 		.ascii	"unsigned int\000"
 544      676E6564 
 544      20696E74 
 544      00
 545              	.LASF21:
 546 0048 43795379 		.ascii	"CySysClkWriteImoFreq\000"
 546      73436C6B 
 546      57726974 
 546      65496D6F 
 546      46726571 
 547              	.LASF8:
 548 005d 6C6F6E67 		.ascii	"long unsigned int\000"
ARM GAS  C:\Users\DMYTRO~1.FED\AppData\Local\Temp\ccOd62rv.s 			page 16


 548      20756E73 
 548      69676E65 
 548      6420696E 
 548      7400
 549              	.LASF20:
 550 006f 63796669 		.ascii	"cyfitter_cfg\000"
 550      74746572 
 550      5F636667 
 550      00
 551              	.LASF9:
 552 007c 6C6F6E67 		.ascii	"long long unsigned int\000"
 552      206C6F6E 
 552      6720756E 
 552      7369676E 
 552      65642069 
 553              	.LASF18:
 554 0093 433A5C55 		.ascii	"C:\\Users\\dmytro.fedorchenko\\Documents\\PSoC Crea"
 554      73657273 
 554      5C646D79 
 554      74726F2E 
 554      6665646F 
 555 00c2 746F725C 		.ascii	"tor\\PWM01\\midiPlayer.cydsn\000"
 555      50574D30 
 555      315C6D69 
 555      6469506C 
 555      61796572 
 556              	.LASF12:
 557 00dd 666C6F61 		.ascii	"float\000"
 557      7400
 558              	.LASF4:
 559 00e3 756E7369 		.ascii	"unsigned char\000"
 559      676E6564 
 559      20636861 
 559      7200
 560              	.LASF11:
 561 00f1 63686172 		.ascii	"char\000"
 561      00
 562              	.LASF7:
 563 00f6 6C6F6E67 		.ascii	"long int\000"
 563      20696E74 
 563      00
 564              	.LASF19:
 565 00ff 436C6F63 		.ascii	"ClockSetup\000"
 565      6B536574 
 565      757000
 566              	.LASF13:
 567 010a 646F7562 		.ascii	"double\000"
 567      6C6500
 568              	.LASF15:
 569 0111 72656733 		.ascii	"reg32\000"
 569      3200
 570              	.LASF6:
 571 0117 73686F72 		.ascii	"short unsigned int\000"
 571      7420756E 
 571      7369676E 
 571      65642069 
 571      6E7400
ARM GAS  C:\Users\DMYTRO~1.FED\AppData\Local\Temp\ccOd62rv.s 			page 17


 572              	.LASF3:
 573 012a 7369676E 		.ascii	"signed char\000"
 573      65642063 
 573      68617200 
 574              	.LASF2:
 575 0136 6C6F6E67 		.ascii	"long double\000"
 575      20646F75 
 575      626C6500 
 576              	.LASF5:
 577 0142 73686F72 		.ascii	"short int\000"
 577      7420696E 
 577      7400
 578              	.LASF16:
 579 014c 474E5520 		.ascii	"GNU C11 5.4.1 20160609 (release) [ARM/embedded-5-br"
 579      43313120 
 579      352E342E 
 579      31203230 
 579      31363036 
 580 017f 616E6368 		.ascii	"anch revision 237715] -mcpu=cortex-m0plus -mthumb -"
 580      20726576 
 580      6973696F 
 580      6E203233 
 580      37373135 
 581 01b2 67202D4F 		.ascii	"g -Og -ffunction-sections -ffat-lto-objects\000"
 581      67202D66 
 581      66756E63 
 581      74696F6E 
 581      2D736563 
 582              	.LASF10:
 583 01de 73697A65 		.ascii	"sizetype\000"
 583      74797065 
 583      00
 584              		.ident	"GCC: (GNU Tools for ARM Embedded Processors) 5.4.1 20160609 (release) [ARM/embedded-5-bran
